jkroll@osprey:~$ curl --data "" http://192.168.0.4/svc/xspctrl/enableSSHD
{"version":"1.0","tor":1,"torrelay":0,"torexitrelay":0,"adblock":1,
 "pacurl":"http://192.168.0.4:80/wpad.dat"}

jkroll@osprey:~$ ssh root@192.168.0.4
The authenticity of host '192.168.0.4 (192.168.0.4)' can't be established.
RSA key fingerprint is f5:90:37:72:87:27:ef:71:97:67:03:8b:67:00:23:1d.
Are you sure you want to continue connecting (yes/no)? yes
Warning: Permanently added '192.168.0.4' (RSA) to the list of known hosts.
root@192.168.0.4's password: 
~ # uname -a
Linux Safeplug 2.6.31.8 #4 Tue Aug 23 13:00:50 PDT 2011 armv5tel GNU/Linux
~ # pwd
/root
~ # ls /
bin         lib         opt         sbin        usr
dev         lost+found  proc        sys         var
etc         mnt         root        tmp
~ # df   
Filesystem           1K-blocks      Used Available Use% Mounted on
ubi0:rootfs              99432     29456     69976  30% /
none                     59312        56     59256   0% /tmp
~ # ls
~ # 
~ # cat /proc/cpuinfo 
Processor             : Feroceon 88FR131 rev 1 (v5l)
BogoMIPS              : 799.53
Features              : swp half thumb fastmult edsp 
CPU implementer       : 0x56
CPU architecture: 5TE
CPU variant       : 0x2
CPU part          : 0x131
CPU revision      : 1

Hardware          : Feroceon-KW
Revision          : 0000
Serial              : 0000000000000000
~ # ls /proc/
1              416            926            irq            scsi
106            429            board_type     kallsyms       self
115            430            buddyinfo      kmsg           slabinfo
118            451            bus            kpagecount     soc_type
121            5              cmdline        kpageflags     softirqs
142            501            cpu            loadavg        stat
143            504            cpuinfo        locks          swaps
148            618            crypto         meminfo        sys
149            634            devices        misc           sysrq-trigger
150            675            diskstats      modules        sysvipc
151            722            driver         mounts         timer_list
152            8              execdomains    mtd            tty
153            885            filesystems    mvxor          uptime
2              895            fs             net            version
3              917            interrupts     pagetypeinfo   vmallocinfo
4              918            iomem          partitions     vmstat
415            919            ioports        resource_dump  zoneinfo
~ # cat /proc/board_type 
RD-88F6192A-NAS
~ # ls /dev
atibm       mtdblock2   ptyba       sda1        sdd10       stdin
console     mtdblock3   ptybb       sda10       sdd11       stdout
fb0         mtdblock4   ptybc       sda11       sdd12       sunmouse
fb1         mtdblock5   ptybd       sda12       sdd13       tty
fb2         mtdblock6   ptybe       sda13       sdd14       tty0
fb3         mtdblock7   ptybf       sda14       sdd15       tty1
fb4         net         ptyc0       sda15       sdd2        tty2
fb5         nst0        ptyc1       sda2        sdd3        tty3
fb6         nst0a       ptyc2       sda3        sdd4        tty4
fb7         nst0l       ptyc3       sda4        sdd5        tty5
fd          nst0m       ptyc4       sda5        sdd6        tty6
full        nst1        ptyc5       sda6        sdd7        tty7
fuse        nst1a       ptyc6       sda7        sdd8        tty8
inportbm    nst1l       ptyc7       sda8        sdd9        tty9
jbm         nst1m       ptyc8       sda9        sequencer   ttyS0
kmem        null        ptyc9       sdb         sg0         ttyS1
logibm      par0        ptyca       sdb1        sg1         ttyS2
loop0       par1        ptycb       sdb10       sg10        ttyS3
loop1       par2        ptycc       sdb11       sg11        ttyS4
loop2       port        ptycd       sdb12       sg12        urandom
loop3       psaux       ptyce       sdb13       sg13        vcs
loop4       ptmx        ptycf       sdb14       sg14        vcs0
loop5       pts         ram         sdb15       sg15        vcs1
loop6       ptya0       ram0        sdb2        sg16        vcs2
loop7       ptya1       ram1        sdb3        sg2         vcs3
lp0         ptya2       ram10       sdb4        sg3         vcs4
lp1         ptya3       ram11       sdb5        sg4         vcs5
lp2         ptya4       ram12       sdb6        sg5         vcs6
mem         ptya5       ram13       sdb7        sg6         vcs60
mpu401data  ptya6       ram14       sdb8        sg7         vcs61
mpu401stat  ptya7       ram15       sdb9        sg8         vcs62
mtd0        ptya8       ram16       sdc         sg9         vcs63
mtd1        ptya9       ram2        sdc1        shm         vcs7
mtd10       ptyaa       ram3        sdc10       smpte0      vcs8
mtd11       ptyab       ram4        sdc11       smpte1      vcs9
mtd12       ptyac       ram5        sdc12       smpte2      vcsa
mtd13       ptyad       ram6        sdc13       smpte3      vcsa0
mtd14       ptyae       ram7        sdc14       sndstat     vcsa1
mtd15       ptyaf       ram8        sdc15       sr0         vcsa2
mtd2        ptyb0       ram9        sdc2        sr1         vcsa3
mtd3        ptyb1       random      sdc3        st0         vcsa4
mtd4        ptyb2       rmidi0      sdc4        st0a        vcsa5
mtd5        ptyb3       rmidi1      sdc5        st0l        vcsa6
mtd6        ptyb4       rmidi2      sdc6        st0m        vcsa7
mtd7        ptyb5       rmidi3      sdc7        st1         vcsa8
mtd8        ptyb6       rtc         sdc8        st1a        vcsa9
mtd9        ptyb7       scd0        sdc9        st1l        xce
mtdblock0   ptyb8       scd1        sdd         st1m        zero
mtdblock1   ptyb9       sda         sdd1        stderr


### tab to list all commands
~ # 
[              bzip2          cp             dmesg          expr           gzip           ipaddr         less           mkdir          nice           ping6          rm             sort           tail           touch          uniq           who
[[             cat            cut            dnsdomainname  false          head           iperf          ln             mkfifo         nmeter         printf         rmdir          split          tar            tr             unlzop         whoami
ash            chattr         date           dropbearkey    fdflush        hexdump        iplink         login          mknod          nohup          ps             scp            stat           taskset        traceroute     uptime         xargs
awk            chgrp          dbclient       du             fgrep          hostname       iproute        ls             more           nslookup       pwd            sed            strings        tee            traceroute6    usleep         yes
basename       chmod          dd             echo           fuser          hush           iprule         lsattr         mount          od             readlink       seq            stty           telnet         true           vi             zcat
bunzip2        chown          df             egrep          gdbserver      ifplugd        iptunnel       lzop           mv             passwd         realpath       sh             su             test           tty            wc
busybox        clear          diff           eject          grep           ionice         kill           lzopcat        nc             pidof          renice         sha1sum        sum            time           umount         wget
bzcat          cmp            dirname        env            gunzip         ip             killall        md5sum         netstat        ping           reset          sleep          sync           top            uname          which

~ # dmesg
<5>[    0.000000] Linux version 2.6.31.8 (afenn@kt) (gcc version 4.3.2 (sdk3.3-ct-ng-1.4.1) ) #4 Tue Aug 23 13:00:50 PDT 2011
<4>[    0.000000] CPU: Feroceon 88FR131 [56251311] revision 1 (ARMv5TE), cr=00053977
<4>[    0.000000] CPU: VIVT data cache, VIVT instruction cache
<4>[    0.000000] Machine: Feroceon-KW
<4>[    0.000000] Using UBoot passing parameters structure
<4>[    0.000000] Ignoring unrecognised tag 0x41004345
<4>[    0.000000] Memory policy: ECC disabled, Data cache writeback
<7>[    0.000000] On node 0 totalpages: 32768
<7>[    0.000000] free_area_init_node: node 0, pgdat c0413670, node_mem_map c042d000
<7>[    0.000000]   Normal zone: 256 pages used for memmap
<7>[    0.000000]   Normal zone: 0 pages reserved
<7>[    0.000000]   Normal zone: 32512 pages, LIFO batch:7
<4>[    0.000000] Built 1 zonelists in Zone order, mobility grouping off.  Total pages: 32512
<5>[    0.000000] Kernel command line: console=ttyS0,115200 root=ubi0:rootfs ubi.mtd=4,2048 rootfstype=ubifs
<4>[    0.000000] PID hash table entries: 512 (order: 9, 2048 bytes)
<6>[    0.000000] Dentry cache hash table entries: 16384 (order: 4, 65536 bytes)
<6>[    0.000000] Inode-cache hash table entries: 8192 (order: 3, 32768 bytes)
<6>[    0.000000] Memory: 128MB = 128MB total
<5>[    0.000000] Memory: 118356KB available (3852K code, 261K data, 124K init, 0K highmem)
<6>[    0.000000] Hierarchical RCU implementation.
<6>[    0.000000] NR_IRQS:128
<4>[    0.000000] Console: colour dummy device 80x30
<6>[    0.000000] Calibrating delay loop... 799.53 BogoMIPS (lpj=3997696)
<4>[    0.230000] Mount-cache hash table entries: 512
<6>[    0.230000] CPU: Testing write buffer coherency: ok
<6>[    0.230000] NET: Registered protocol family 16
<6>[    0.230000] Feroceon L2: Enabling L2
<6>[    0.230000] Feroceon L2: Cache support initialised.
<4>[    0.230000] 
<4>[    0.230000] CPU Interface
<4>[    0.230000] -------------
<4>[    0.230000] SDRAM_CS0 ....base 00000000, size 128MB 
<4>[    0.230000] SDRAM_CS1 ....disable
<4>[    0.230000] SDRAM_CS2 ....disable
<4>[    0.230000] SDRAM_CS3 ....disable
<4>[    0.230000] PEX0_MEM ....base e0000000, size 128MB 
<4>[    0.230000] PEX0_IO ....base f2000000, size   1MB 
<4>[    0.230000] PEX1_MEM ....no such
<4>[    0.230000] PEX1_IO ....no such
<4>[    0.230000] INTER_REGS ....base f1000000, size   1MB 
<4>[    0.230000] NFLASH_CS ....base fa000000, size   2MB 
<4>[    0.230000] SPI_CS ....base f4000000, size  16MB 
<4>[    0.230000] BOOT_ROM_CS ....no such
<4>[    0.230000] DEV_BOOTCS ....no such
<4>[    0.230000] CRYPT_ENG ....base f0000000, size   2MB 
<4>[    0.230000] 
<4>[    0.230000]   Marvell Development Board (LSP Version KW_LSP_5.1.3_patch18)-- RD-88F6192A-NAS  Soc: 88F6192 A1 LE
<4>[    0.230000] 
<4>[    0.230000]  Detected Tclk 166666667 and SysClk 200000000 
<4>[    0.230000] Marvell USB EHCI Host controller #0: c403e740
<4>[    0.730000] PEX0 interface detected no Link.
<6>[    0.730000] PCI: bus0: Fast back to back transfers enabled
<4>[    0.730000] mvPexLocalBusNumSet: ERR. Invalid PEX interface 1
<4>[    0.750000] bio: create slab <bio-0> at 0
<5>[    0.750000] SCSI subsystem initialized
<6>[    0.750000] usbcore: registered new interface driver usbfs
<6>[    0.750000] usbcore: registered new interface driver hub
<6>[    0.750000] usbcore: registered new device driver usb
<6>[    0.750000] NET: Registered protocol family 2
<6>[    0.750000] IP route cache hash table entries: 1024 (order: 0, 4096 bytes)
<6>[    0.750000] TCP established hash table entries: 4096 (order: 3, 32768 bytes)
<6>[    0.750000] TCP bind hash table entries: 4096 (order: 2, 16384 bytes)
<6>[    0.750000] TCP: Hash tables configured (established 4096 bind 4096)
<6>[    0.750000] TCP reno registered
<6>[    0.750000] NET: Registered protocol family 1
<6>[    0.750000] cpufreq: Init kirkwood cpufreq driver
<7>[    0.750000] cpufreq: High frequency: 800000KHz - Low frequency: 200000KHz
<7>[    0.750000] cpufreq: Setting CPU Frequency to 800000 KHz
<7>[    0.750000] cpufreq: Setting PowerSaveState to off
<6>[    0.760000] XOR registered 4 channels
<6>[    0.760000] XOR 2nd invalidate WA enabled
<4>[    0.760000] cesadev_init(c000d7fc)
<4>[    0.760000] mvCesaInit: sessions=640, queue=64, pSram=f0000000
<6>[    0.760000] squashfs: version 4.0 (2009/01/31) Phillip Lougher
<6>[    0.770000] msgmni has been set to 231
<6>[    0.770000] alg: No test for cipher_null (cipher_null-generic)
<6>[    0.770000] alg: No test for ecb(cipher_null) (ecb-cipher_null)
<6>[    0.770000] alg: No test for digest_null (digest_null-generic)
<6>[    0.770000] alg: No test for compress_null (compress_null-generic)
<6>[    0.780000] alg: No test for stdrng (krng)
<6>[    0.780000] alg: No test for hmac(digest_null) (hmac(digest_null-generic))
<6>[    0.790000] Block layer SCSI generic (bsg) driver version 0.4 loaded (major 253)
<6>[    0.790000] io scheduler noop registered
<6>[    0.790000] io scheduler anticipatory registered (default)
<4>[    0.790000] Initializing ths8200_init
<4>[    0.790000] Initializing dove_adi9889_init
<6>[    0.810000] Serial: 8250/16550 driver, 4 ports, IRQ sharing disabled
<6>[    0.810000] serial8250.0: ttyS0 at MMIO 0xf1012000 (irq = 33) is a 16550A
<6>[    0.810000] console [ttyS0] enabled
<4>[    0.820000] Integrated Sata device found
<4>[    0.830000] IRQ 21/mvSata: IRQF_DISABLED is not guaranteed on shared IRQs
<6>[    0.850000] scsi0 : Marvell SCSI to SATA adapter
<6>[    0.860000] scsi1 : Marvell SCSI to SATA adapter
<4>[    0.870000] Loading Marvell Ethernet Driver:
<4>[    0.870000]   o Cached descriptors in DRAM
<4>[    0.880000]   o DRAM SW cache-coherency
<4>[    0.880000]   o 1 Giga ports supported
<4>[    0.880000]   o Single RX Queue support - ETH_DEF_RXQ=0
<4>[    0.890000]   o Single TX Queue support - ETH_DEF_TXQ=0
<4>[    0.890000]   o TCP segmentation offload (TSO) supported
<4>[    0.900000]   o Large Receive offload (LRO) supported
<4>[    0.900000]   o Receive checksum offload supported
<4>[    0.910000]   o Transmit checksum offload supported
<4>[    0.910000]   o Network Fast Processing (Routing) supported - (Disabled)
<4>[    0.920000]   o Driver ERROR statistics enabled
<4>[    0.930000]   o Proc tool API enabled
<4>[    0.930000]   o SKB Reuse supported - (Disabled)
<4>[    0.930000]   o SKB Recycle supported - (Disabled)
<4>[    0.940000]   o Rx descripors: q0=128
<4>[    0.940000]   o Tx descripors: q0=532
<4>[    0.950000]   o Loading network interface(s):
<4>[    0.950000]      o register under mv88fx_eth platform
<4>[    0.960000]      o eth0, ifindex = 2, GbE port = 0
<4>[    0.960000] 
<4>[    0.960000] mvFpRuleDb (c45b2000): 1024 entries, 4096 bytes
<4>[    0.970000] Counter=0, opIdx=6, overhead=16
<4>[    0.970000] Counter=1, opIdx=2, overhead=0
<4>[    0.980000] Counter=2, opIdx=1, overhead=18
<4>[    0.980000] Counter=3, opIdx=2, overhead=0
<6>[    0.990000] tun: Universal TUN/TAP device driver, 1.6
<6>[    0.990000] tun: (C) 1999-2004 Max Krasnyansky <maxk@qualcomm.com>
<6>[    1.000000] NAND device: Manufacturer ID: 0xad, Chip ID: 0xf1 (Hynix NAND 128MiB 3,3V 8-bit)
<6>[    1.010000] Scanning device for bad blocks
<4>[    1.060000] Using static partition definition
<5>[    1.060000] Creating 5 MTD partitions on "nand_mtd":
<5>[    1.070000] 0x000000000000-0x000000200000 : "u-boot"
<5>[    1.070000] 0x000000200000-0x000000500000 : "uImage"
<5>[    1.080000] 0x000000500000-0x000000800000 : "uImage2"
<5>[    1.080000] 0x000000800000-0x000001000000 : "failsafe"
<5>[    1.090000] 0x000001000000-0x000008000000 : "root"
<5>[    1.100000] UBI: attaching mtd4 to ubi0
<5>[    1.100000] UBI: physical eraseblock size:   131072 bytes (128 KiB)
<5>[    1.110000] UBI: logical eraseblock size:    126976 bytes
<5>[    1.110000] UBI: smallest flash I/O unit:    2048
<5>[    1.120000] UBI: sub-page size:              512
<5>[    1.120000] UBI: VID header offset:          2048 (aligned 2048)
<5>[    1.130000] UBI: data offset:                4096
<5>[    1.350000] UBI: attached mtd4 to ubi0
<5>[    1.350000] UBI: MTD device name:            "root"
<5>[    1.360000] UBI: MTD device size:            112 MiB
<5>[    1.360000] UBI: number of good PEBs:        896
<5>[    1.370000] UBI: number of bad PEBs:         0
<5>[    1.370000] UBI: max. allowed volumes:       128
<5>[    1.380000] UBI: wear-leveling threshold:    4096
<5>[    1.380000] UBI: number of internal volumes: 1
<5>[    1.390000] UBI: number of user volumes:     1
<5>[    1.390000] UBI: available PEBs:             0
<5>[    1.390000] UBI: total number of reserved PEBs: 896
<5>[    1.400000] UBI: number of PEBs reserved for bad PEB handling: 8
<5>[    1.410000] UBI: max/mean erase counter: 1/0
<5>[    1.410000] UBI: image sequence number: 0
<6>[    1.410000] ehci_hcd: USB 2.0 'Enhanced' Host Controller (EHCI) Driver
<6>[    1.420000] ehci_marvell ehci_marvell.70059: Marvell Orion EHCI
<6>[    1.430000] ehci_marvell ehci_marvell.70059: new USB bus registered, assigned bus number 1
<5>[    1.430000] UBI: background thread "ubi_bgt0d" started, PID 451
<6>[    1.460000] ehci_marvell ehci_marvell.70059: irq 19, io base 0xf1050100
<6>[    1.480000] ehci_marvell ehci_marvell.70059: USB 2.0 started, EHCI 1.00
<6>[    1.480000] usb usb1: configuration #1 chosen from 1 choice
<6>[    1.490000] hub 1-0:1.0: USB hub found
<6>[    1.490000] hub 1-0:1.0: 1 port detected
<6>[    1.500000] Initializing USB Mass Storage driver...
<6>[    1.500000] usbcore: registered new interface driver usb-storage
<6>[    1.510000] USB Mass Storage support registered.
<6>[    1.510000] usbcore: registered new interface driver ums-datafab
<6>[    1.520000] usbcore: registered new interface driver ums-freecom
<6>[    1.520000] usbcore: registered new interface driver ums-jumpshot
<6>[    1.530000] usbcore: registered new interface driver ums-sddr09
<6>[    1.540000] usbcore: registered new interface driver ums-sddr55
<6>[    1.540000] usbcore: registered new interface driver ums-usbat
<6>[    1.550000] mice: PS/2 mouse device common for all mice
<6>[    1.550000] i2c /dev entries driver
<7>[    1.560000] cpufreq: Setting CPU Frequency to 800000 KHz
<7>[    1.560000] cpufreq: Setting PowerSaveState to off
<6>[    1.570000] sdhci: Secure Digital Host Controller Interface driver
<6>[    1.570000] sdhci: Copyright(c) Pierre Ossman
<5>[    1.580000] mmc0: mvsdio driver initialized, using GPIO 27 for card detection
<6>[    1.590000] usbcore: registered new interface driver usbhid
<6>[    1.590000] usbhid: v2.6:USB HID core driver
<6>[    1.600000] TCP cubic registered
<6>[    1.600000] NET: Registered protocol family 17
<6>[    1.610000] RPC: Registered udp transport module.
<6>[    1.610000] RPC: Registered tcp transport module.
<4>[    1.620000] drivers/rtc/hctosys.c: unable to open rtc device (rtc0)
<5>[    1.750000] UBIFS: mounted UBI device 0, volume 0, name "rootfs"
<5>[    1.750000] UBIFS: file system size:   110850048 bytes (108252 KiB, 105 MiB, 873 LEBs)
<5>[    1.760000] UBIFS: journal size:       9023488 bytes (8812 KiB, 8 MiB, 72 LEBs)
<5>[    1.770000] UBIFS: media format:       w4/r0 (latest is w4/r0)
<5>[    1.770000] UBIFS: default compressor: lzo
<5>[    1.780000] UBIFS: reserved for root:  0 bytes (0 KiB)
<4>[    1.780000] VFS: Mounted root (ubifs filesystem) on device 0:11.
<6>[    1.790000] Freeing init memory: 124K
<5>[    3.960000] eth0: link up, full duplex, speed 100 Mbps
<5>[    3.960000] eth0: started
<4>[   15.740000] ufsd: module license 'Commercial product' taints kernel.
<4>[   15.750000] Disabling lock debugging due to kernel taint
<5>[   15.780000] ufsd: driver 8.5 (NTFS4LINUX_U85_017_S[2011-08-17-16:51:48]) LBD=ON with delayalloc with ioctl loaded at bf000000
<5>[   15.780000] NTFS support included
<5>[   15.780000] Hfs+/HfsX support included
<5>[   15.780000] For 'CloudEngines_PogoPlug_2011-08-03'
<4>[   16.120000] rtusb init rt2870 --->
<6>[   16.130000] usbcore: registered new interface driver rt2870
<4>[   16.150000] Cloud Engines XCE Init [Version: 3.1.99.12]
<6>[   16.160000] XCE: CPU MEMORY MAP:
<6>[   16.160000] XCE:   -- 0x00001000 - 0xbeffffff (3055 MB)  User Space Mappings
<6>[   16.170000] XCE:   -- 0xbf000000 - 0xbfffffff (  16 MB)  Kernel module space
<6>[   16.170000] XCE:   -- 0xc0000000 - 0xc7ffffff ( 128 MB)  Kernel direct-mapped ram
<6>[   16.180000] XCE:   -- 0xc8800000 - 0xe7ffffff ( 504 MB)  Kernel vmalloc space
<6>[   16.190000] XCE:   -- 0xe8000000 - 0xfeffffff ( 367 MB)  Kernel platform space
<6>[   16.200000] XCE: CPU FEATURES:
<6>[   16.200000] XCE:   -- I Cache:         enabled
<6>[   16.200000] XCE:   -- D Cache:         enabled
<6>[   16.210000] XCE:   -- Branch Predict:  disabled
<6>[   16.210000] XCE:   -- MMU:             enabled
<6>[   16.220000] XCE:   -- Alignment Abort: enabled
<6>[   16.230000] XCE: BLPARAMS:   -- Loading properties [c4d07efc].
<6>[   16.230000] XCE: BLPARAMS:   -- MTD @ [c45c0c00].
<6>[   16.240000] XCE: BLPARAMS: Locating parameter block...
<6>[   16.240000] XCE: BLPARAMS: reading 2048 bytes @ a0000
<6>[   16.250000] XCE: Loaded Property Size: 2048
<6>[   16.250000] XCE:    - 'cesvcid' -> 'JDH94MK3YJYL9H85RW39K95VUW'
<6>[   16.260000] XCE:    - 'ceboardver' -> 'PPV4A1'
<6>[   16.260000] XCE:   -- ICache Prefetch: enabled
<6>[   16.270000] XCE:   -- DCache Prefetch: enabled
<6>[   16.270000] XCE:   -- L2 Cache:        enabled
<6>[   16.280000] XCE:   -- L2 Prefetch:     disabled
<6>[   16.280000] XCE:   -- L2 Writethrough: disabled
<6>[   16.290000] XCE:   -- Write Allocate:  disabled
<6>[   16.290000] XCE:   -- Streaming:       disabled
<6>[   16.290000] XCE: Current GPIO State:
<6>[   16.300000] XCE:  GPIO L OUT:    0x01e18400
<6>[   16.300000] XCE:  GPIO L OE:     0xfe004800
<6>[   16.310000] XCE:  GPIO L BLINK:  0x00000000
<6>[   16.310000] XCE:  GPIO L POL:    0x08000000
<6>[   16.310000] XCE:  GPIO L IN:     0x31e00000
<6>[   16.320000] XCE:  GPIO H OUT:    0x00000008
<6>[   16.320000] XCE:  GPIO H OE:     0x00000005
<6>[   16.330000] XCE:  GPIO H BLINK:  0x00000000
<6>[   16.330000] XCE:  GPIO H POL:    0x00000000
<6>[   16.340000] XCE:  GPIO H IN:     0x00000008
<6>[   16.420000] XCE: BLPARAMS:   -- Loading properties [c4bebecc].
<6>[   16.430000] XCE: BLPARAMS:   -- MTD @ [c45c0c00].
<6>[   16.430000] XCE: BLPARAMS: Locating parameter block...
<6>[   16.440000] XCE: BLPARAMS: reading 2048 bytes @ a0000
<6>[   16.450000] XCE: BLPARAMS: reading 2048 bytes @ a0800
<6>[   16.450000] XCE: BLPARAMS: reading 2048 bytes @ a1000
<6>[   16.460000] XCE: BLPARAMS: reading 2048 bytes @ a1800
<6>[   41.740000] XCE: XCE: LED -> DISCONNECTED
<6>[ 1578.910000] XCE: XCE: LED -> CONNECTED
<6>[ 1701.190000] XCE: BLPARAMS:   -- No IOCTL 0x5401.
<6>[ 1701.200000] XCE: XCE: LED -> MESSAGE
<6>[ 1723.210000] XCE: XCE: LED -> CONNECTED

~ # mount
rootfs on / type rootfs (rw)
ubi0:rootfs on / type ubifs (rw,relatime)
none on /proc type proc (rw,relatime)
none on /sys type sysfs (rw,relatime)
none on /dev/pts type devpts (rw,relatime,mode=600)
none on /tmp type tmpfs (rw,relatime)
none on /proc/bus/usb type usbfs (rw,relatime)

~ # ps
  PID USER       VSZ STAT COMMAND
    1 root      2088 S    init
    2 root         0 SW<  [kthreadd]
    3 root         0 SW<  [ksoftirqd/0]
    4 root         0 SW<  [events/0]
    5 root         0 SW<  [khelper]
    8 root         0 SW<  [async/mgr]
  106 root         0 SW<  [kblockd/0]
  115 root         0 SW<  [khubd]
  118 root         0 SW<  [kseriod]
  121 root         0 SW<  [kmmcd]
  142 root         0 SW   [crypto]
  143 root         0 SW   [crypto_ret]
  148 root         0 SW   [pdflush]
  149 root         0 SW   [pdflush]
  150 root         0 SW<  [kswapd0]
  151 root         0 SW<  [aio/0]
  152 root         0 SW<  [nfsiod]
  153 root         0 SW<  [crypto/0]
  415 root         0 SW<  [scsi_eh_0]
  416 root         0 SW<  [scsi_eh_1]
  429 root         0 SW<  [mtdblockd]
  430 root         0 SW<  [nftld]
  451 root         0 SW<  [ubi_bgt0d]
  501 root         0 SW<  [usbhid_resumer]
  504 root         0 SW<  [rpciod/0]
  618 root      2088 S    udhcpc -b -i eth0 -H PogoplugMobile
  634 root      2092 S    -/bin/sh
  675 root         0 SW<  [ubifs_bgt0_0]
  722 nobody    3632 S    /opt/xce/sbin/lighttpd -f /opt/xce/etc/lighttpd/lighttpd.conf
  885 root     18912 S    /opt/xce/bin/tor -f /opt/xce/etc/tor/torrc
  895 root     43280 S    /opt/xce/sbin/privoxy /opt/xce/etc/privoxy/config.torab
  917 root      1996 S    dropbear
  918 root      2224 S    dropbear
  919 root      2092 S    -sh
  934 root      2092 R    ps


~ # ls /opt/
xce
~ # ls /opt/xce/
bin    etc    html   lib    sbin   share  ssl    state
~ # ls /opt/xce/bin/
event_rpcgen.py  tor              tor-gencert      tor-resolve      torify           wget
~ # ls /opt/xce/sbin/
blparam              do_updateexceptions  do_upgrade           go_helper            go_sshd              go_update            go_updateexceptions  go_upgrade           lighttpd             ntpdate              privoxy
~ # ls /opt/xce/etc  
init.d      lighttpd    privoxy     sp.conf     sp_version  tor
~ # ls /opt/xce/lib
libnsl-2.8.so         mod_accesslog.so      mod_cgi.so            mod_dirlisting.so     mod_expire.so         mod_flv_streaming.so  mod_mysql_vhost.so    mod_rewrite.so        mod_secdownload.so    mod_ssi.so            mod_trigger_b4_dl.so  mod_webdav.so
libnsl.so.1           mod_alias.so          mod_cml.so            mod_evasive.so        mod_extforward.so     mod_indexfile.so      mod_proxy.so          mod_rrdtool.so        mod_setenv.so         mod_staticfile.so     mod_userdir.so
mod_access.so         mod_auth.so           mod_compress.so       mod_evhost.so         mod_fastcgi.so        mod_magnet.so         mod_redirect.so       mod_scgi.so           mod_simple_vhost.so   mod_status.so         mod_usertrack.so
~ # ls /opt/xce/share
doc  man  tor
~ # ls /opt/xce/ssl  
certs
~ # ls /opt/xce/ssl/certs/
578d5c04.0                                Verisign-PCA-3.pem                        b204d74a.0                                gd-class2-root.crt
Equifax_Secure_Certificate_Authority.pem  Verisign-PCA-3G5.pem                      f081611a.0
~ # ls /opt/xce/state/
certs            gohelper         lighttpd         lighttpd_config  privoxy          privoxy_config   tor              tor_config       wget

~ # cat /opt/xce/etc/lighttpd/lighttpd.conf 
#######################################################################
##
## /etc/lighttpd/lighttpd.conf
##
## check /etc/lighttpd/conf.d/*.conf for the configuration of modules.
##
#######################################################################

#######################################################################
##
## Some Variable definition which will make chrooting easier.
##
## if you add a variable here. Add the corresponding variable in the
## chroot example aswell.
##
var.log_root    = "/var/log/lighttpd"
var.server_root = "/opt/xce"
var.state_dir   = "/var/run"
var.home_dir    = "/var/lib/lighttpd"
var.conf_dir    = "/opt/xce/etc/lighttpd"

## 
## run the server chrooted.
## 
## This requires root permissions during startup.
##
## If you run Chrooted set the the variables to directories relative to
## the chroot dir.
##
## example chroot configuration:
## 
#var.log_root    = "/logs"
#var.server_root = "/"
#var.state_dir   = "/run"
#var.home_dir    = "/lib/lighttpd"
#var.vhosts_dir  = "/vhosts"
#var.conf_dir    = "/etc"
#
#server.chroot   = "/srv/www"

##
## Some additional variables to make the configuration easier
##

##
## Base directory for all virtual hosts
##
## used in:
## conf.d/evhost.conf
## conf.d/simple_vhost.conf
## vhosts.d/vhosts.template
##
var.vhosts_dir  = server_root + "/vhosts"

##
## Cache for mod_compress
##
## used in:
## conf.d/compress.conf
##
var.cache_dir   = "/var/cache/lighttpd"

##
## Base directory for sockets.
##
## used in:
## conf.d/fastcgi.conf
## conf.d/scgi.conf
##
var.socket_dir  = home_dir + "/sockets"

##
#######################################################################

#######################################################################
##
## Load the modules.
include "modules.conf"

##
#######################################################################

#######################################################################
##
##  Basic Configuration
## ---------------------
##
server.port = 80

##
## Use IPv6?
##
#server.use-ipv6 = "enable"

##
## bind to a specific IP
##
#server.bind = "localhost"

##
## Run as a different username/groupname.
## This requires root permissions during startup. 
##
server.username  = "nobody"
server.groupname = "nobody"

## 
## enable core files.
##
#server.core-files = "disable"

##
## Document root
##
server.document-root = server_root + "/html"

##
## The value for the "Server:" response field.
##
## It would be nice to keep it at "lighttpd".
##
#server.tag = "lighttpd"

##
## store a pid file
##
server.pid-file = state_dir + "/lighttpd.pid"

##
#######################################################################

#######################################################################
##
##  Logging Options
## ------------------
##
## all logging options can be overwritten per vhost.
##
## Path to the error log file
##
server.errorlog             = log_root + "/error.log"

##
## If you want to log to syslog you have to unset the 
## server.errorlog setting and uncomment the next line.
##
#server.errorlog-use-syslog = "enable"

##
## Access log config
## 
include "conf.d/access_log.conf"

##
## The debug options are moved into their own file.
## see conf.d/debug.conf for various options for request debugging.
##
include "conf.d/debug.conf"

##
#######################################################################

#######################################################################
##
##  Tuning/Performance
## --------------------
##
## corresponding documentation:
## http://www.lighttpd.net/documentation/performance.html
##
## set the event-handler (read the performance section in the manual)
##
## possible options on linux are:
##
## select
## poll
## linux-sysepoll
##
## linux-sysepoll is recommended on kernel 2.6.
##
server.event-handler = "linux-sysepoll"

##
## The basic network interface for all platforms at the syscalls read()
## and write(). Every modern OS provides its own syscall to help network
## servers transfer files as fast as possible 
##
## linux-sendfile - is recommended for small files.
## writev         - is recommended for sending many large files
##
server.network-backend = "linux-sendfile"

##
## As lighttpd is a single-threaded server, its main resource limit is
## the number of file descriptors, which is set to 1024 by default (on
## most systems).
##
## If you are running a high-traffic site you might want to increase this
## limit by setting server.max-fds.
##
## Changing this setting requires root permissions on startup. see
## server.username/server.groupname.
##
## By default lighttpd would not change the operation system default.
## But setting it to 2048 is a better default for busy servers.
##
server.max-fds = 2048

##
## Stat() call caching.
##
## lighttpd can utilize FAM/Gamin to cache stat call.
##
## possible values are:
## disable, simple or fam.
##
server.stat-cache-engine = "simple"

##
## Fine tuning for the request handling
##
## max-connections == max-fds/2 (maybe /3)
## means the other file handles are used for fastcgi/files
##
server.max-connections = 1024

##
## How many seconds to keep a keep-alive connection open,
## until we consider it idle. 
##
## Default: 5
##
#server.max-keep-alive-idle = 5

##
## How many keep-alive requests until closing the connection.
##
## Default: 16
##
#server.max-keep-alive-requests = 16

##
## Maximum size of a request in kilobytes.
## By default it is unlimited (0).
##
## Uploads to your server cant be larger than this value.
##
#server.max-request-size = 0

##
## Time to read from a socket before we consider it idle.
##
## Default: 60
##
#server.max-read-idle = 60

##
## Time to write to a socket before we consider it idle.
##
## Default: 360
##
#server.max-write-idle = 360

##
##  Traffic Shaping 
## -----------------
##
## see /usr/share/doc/lighttpd/traffic-shaping.txt
##
## Values are in kilobyte per second.
##
## Keep in mind that a limit below 32kB/s might actually limit the
## traffic to 32kB/s. This is caused by the size of the TCP send
## buffer. 
##
## per server:
##
#server.kbytes-per-second = 128

##
## per connection:
##
#connection.kbytes-per-second = 32

##
#######################################################################

#######################################################################
##
##  Filename/File handling
## ------------------------

##
## files to check for if .../ is requested
## index-file.names            = ( "index.php", "index.rb", "index.html",
##                                 "index.htm", "default.htm" )
##
index-file.names += (
  "index.xhtml", "index.html", "index.htm", "default.htm", "index.php"
)

##
## deny access the file-extensions
##
## ~    is for backupfiles from vi, emacs, joe, ...
## .inc is often used for code includes which should in general not be part
##      of the document-root
url.access-deny             = ( "~", ".inc" )

##
## disable range requests for pdf files
## workaround for a bug in the Acrobat Reader plugin.
##
#$HTTP["url"] =~ "\.pdf$" {
#  server.range-requests = "disable"
#}

##
## url handling modules (rewrite, redirect)
##
#url.rewrite                = ( "^/$"             => "/server-status" )
#url.redirect               = ( "^/wishlist/(.+)" => "http://www.example.com/$1" )

##
## both rewrite/redirect support back reference to regex conditional using %n
##
#$HTTP["host"] =~ "^www\.(.*)" {
#  url.redirect            = ( "^/(.*)" => "http://%1/$1" )
#}

##
## which extensions should not be handle via static-file transfer
##
## .php, .pl, .fcgi are most often handled by mod_fastcgi or mod_cgi
##
static-file.exclude-extensions = ( ".php", ".pl", ".fcgi", ".scgi" )

##
## error-handler for status 404
##
#server.error-handler-404   = "/error-handler.html"
#server.error-handler-404   = "/error-handler.php"

##
## Format: <errorfile-prefix><status-code>.html
## -> ..../status-404.html for 'File not found'
##
#server.errorfile-prefix    = "/srv/www/htdocs/errors/status-"

##
## mimetype mapping
##
include "conf.d/mime.conf"

##
## directory listing configuration
##
#include "conf.d/dirlisting.conf"

##
## Should lighttpd follow symlinks?
## 
server.follow-symlink = "enable"

##
## force all filenames to be lowercase?
##
#server.force-lowercase-filenames = "disable"

##
## defaults to /var/tmp as we assume it is a local harddisk
##
server.upload-dirs = ( "/var/tmp" )

##
#######################################################################


#######################################################################
##
##  SSL Support
## ------------- 
##
## To enable SSL for the whole server you have to provide a valid
## certificate and have to enable the SSL engine.::
##
##   ssl.engine = "enable"
##   ssl.pemfile = "/path/to/server.pem"
##
## The HTTPS protocol does not allow you to use name-based virtual
## hosting with SSL. If you want to run multiple SSL servers with
## one lighttpd instance you must use IP-based virtual hosting: ::
##
## Mitigate CVE-2009-3555 by disabling client triggered renegotation
## This is enabled by default.
##
## IMPORTANT: this setting can only be used in the global scope.
## It does *not* work inside conditionals
##
#   ssl.disable-client-renegotiation = "enable"
##
##   $SERVER["socket"] == "10.0.0.1:443" {
##     ssl.engine                  = "enable"
##     ssl.pemfile                 = "/etc/ssl/private/www.example.com.pem"
##     #
##     # Mitigate BEAST attack:
##     #
##     # A stricter base cipher suite. For details see:
##     # http://blog.ivanristic.com/2011/10/mitigating-the-beast-attack-on-tls.html
##     #
##     ssl.cipher-list             = "ECDHE-RSA-AES256-SHA384:AES256-SHA256:RC4-SHA:RC4:HIGH:!MD5:!aNULL:!EDH:!AESGCM"
##     #
##     # Make the server prefer the order of the server side cipher suite instead of the client suite.
##     # This is necessary to mitigate the BEAST attack (unless you disable all non RC4 algorithms).
##     # This option is enabled by default, but only used if ssl.cipher-list is set.
##     #
##     # ssl.honor-cipher-order = "enable"
##     #
##     server.name                 = "www.example.com"
##
##     server.document-root        = "/srv/www/vhosts/example.com/www/"
##   }
##

## If you have a .crt and a .key file, cat them together into a
## single PEM file:
## $ cat /etc/ssl/private/lighttpd.key /etc/ssl/certs/lighttpd.crt \
##   > /etc/ssl/private/lighttpd.pem
##
#ssl.pemfile = "/etc/ssl/private/lighttpd.pem"

##
## optionally pass the CA certificate here.
##
##
#ssl.ca-file = ""

##
#######################################################################

#######################################################################
##
## custom includes like vhosts.
##
#include "conf.d/config.conf"
#include_shell "cat /etc/lighttpd/vhosts.d/*.conf"
##
#######################################################################

~ # cat /etc/mtab 
rootfs / rootfs rw 0 0
ubi0:rootfs / ubifs rw,relatime 0 0
none /proc proc rw,relatime 0 0
none /sys sysfs rw,relatime 0 0
none /dev/pts devpts rw,relatime,mode=600 0 0
none /tmp tmpfs rw,relatime 0 0
none /proc/bus/usb usbfs rw,relatime 0 0


~ # env
USER=root
HOME=/root
LOGNAME=root
TERM=xterm
PATH=/usr/bin:/bin
SHELL=/bin/sh
PWD=/root


